
Discarded input sections

 .bss           0x00000000        0x0 startup.o
 .ccmram        0x00000000        0x4 app-m3.o

Memory Configuration

Name             Origin             Length             Attributes
FLASH            0x00001000         0x00080000         xr
RAM              0x20000000         0x00020000         xrw
CCRAM            0x10000000         0x00010000         xrw
*default*        0x00000000         0xffffffff

Linker script and memory map


.text           0x00001000      0x380
                0x00001000                        _start_text = .
 *(.isr_vector)
 .isr_vector    0x00001000       0xf0 startup.o
                0x00001000                IV
 *(.text*)
 .text          0x000010f0       0xc0 startup.o
                0x000010f0                isr_reset
                0x00001188                isr_nmi
                0x00001194                isr_fault
                0x0000119c                isr_empty
 .text          0x000011b0      0x1d0 app-m3.o
                0x0000134c                isr_systick
                0x00001368                main
 *(.rodata*)
                0x00001380                        . = ALIGN (0x4)
                0x00001380                        end_text = .
                0x00001380                        _stored_ccmram = .

.glue_7         0x00001380        0x0
 .glue_7        0x00001380        0x0 linker stubs

.glue_7t        0x00001380        0x0
 .glue_7t       0x00001380        0x0 linker stubs

.vfp11_veneer   0x00001380        0x0
 .vfp11_veneer  0x00001380        0x0 linker stubs

.v4_bx          0x00001380        0x0
 .v4_bx         0x00001380        0x0 linker stubs

.iplt           0x00001380        0x0
 .iplt          0x00001380        0x0 startup.o

.rel.dyn        0x00001380        0x0
 .rel.iplt      0x00001380        0x0 startup.o

.ccmram         0x10000000        0x0 load address 0x00001380
                0x10000000                        _start_ccmram = .
 *(.ccmram)
                0x10000000                        . = ALIGN (0x4)
                0x10000000                        _end_ccmram = .
                0x10000000                        _stored_data = .

.data           0x20000000        0x0 load address 0x10000000
                0x20000000                        _start_data = .
 *(.data*)
 .data          0x20000000        0x0 startup.o
 .data          0x20000000        0x0 app-m3.o
                0x20000000                        . = ALIGN (0x4)
                0x20000000                        _end_data = .

.igot.plt       0x20000000        0x0 load address 0x10000000
 .igot.plt      0x20000000        0x0 startup.o

.bss            0x20000000        0x4 load address 0x10000000
                0x20000000                        _start_bss = .
 *(.bss*)
 .bss           0x20000000        0x4 app-m3.o
                0x20000000                jiffies
 *(COMMON)
                0x20000004                        . = ALIGN (0x4)
                0x20000004                        _end_bss = .
                0x20000004                        _end = .
                0x20020000                        END_STACK = (ORIGIN (RAM) + LENGTH (RAM))
LOAD startup.o
LOAD app-m3.o
OUTPUT(app-m3.elf elf32-littlearm)
LOAD linker stubs

.debug_info     0x00000000      0x2e6
 .debug_info    0x00000000      0x186 startup.o
 .debug_info    0x00000186      0x160 app-m3.o

.debug_abbrev   0x00000000      0x1d4
 .debug_abbrev  0x00000000       0xf4 startup.o
 .debug_abbrev  0x000000f4       0xe0 app-m3.o

.debug_aranges  0x00000000       0x40
 .debug_aranges
                0x00000000       0x20 startup.o
 .debug_aranges
                0x00000020       0x20 app-m3.o

.debug_line     0x00000000      0x213
 .debug_line    0x00000000       0x89 startup.o
 .debug_line    0x00000089      0x18a app-m3.o

.debug_str      0x00000000      0x1ef
 .debug_str     0x00000000      0x1ef startup.o
                                0x1b3 (size before relaxing)
 .debug_str     0x000001ef      0x18e app-m3.o

.comment        0x00000000       0x26
 .comment       0x00000000       0x26 startup.o
                                 0x27 (size before relaxing)
 .comment       0x00000026       0x27 app-m3.o

.ARM.attributes
                0x00000000       0x2d
 .ARM.attributes
                0x00000000       0x2d startup.o
 .ARM.attributes
                0x0000002d       0x2d app-m3.o

.debug_frame    0x00000000      0x168
 .debug_frame   0x00000000       0xa4 startup.o
 .debug_frame   0x000000a4       0xc4 app-m3.o
